Sampling Gaddy utterances to find a realistic worst-case length...
  longest of 500 sampled: 31092 EMG frames (31.1s)
============================================================
PEAK MEMORY (real utterances up to T=34201 EMG frames = 34.2s)
============================================================

 batch     after_fwd     after_bwd    after_step  status
<repo>/experiments/.venv311/lib/python3.11/site-packages/torch/nn/functional.py:3107: UserWarning: The operator 'aten::_ctc_loss' is not currently supported on the MPS backend and will fall back to run on the CPU. This may have performance implications. (Triggered internally at /Users/runner/work/pytorch/pytorch/pytorch/aten/src/ATen/mps/MPSFallback.mm:34.)
  return torch.ctc_loss(
     4       12.00 GiB       12.78 GiB       12.81 GiB  OK
     8       22.52 GiB       22.49 GiB       22.50 GiB  OK
    12                                                    OOM (MPS backend out of memory (MPS allocated: 24.60 GiB, other a)

  recommendation:
    largest known-safe: batch=8 (peak after_bwd = 22.49 GiB)
    target headroom: peak ≤ 19.0 GiB (~70% of cap)
    BEST PICK: batch=4 (after_bwd 12.78 GiB, headroom 53%)

============================================================
CONTRAST sanity — plain-cosine vs InfoNCE at random init
============================================================
  plain-cosine loss:    0.0515
  InfoNCE loss:         1.1539
  log(B - 1) baseline:  1.0986    (random InfoNCE = log(N_negatives))
  → InfoNCE at random init ≈ log(B-1) as expected. has signal.
