dataset: 8653 examples
sampler: 886 batches per epoch

batch     B   T_max   tokens   pad%    v    s  pairs
    0    10    7302    73020     0%    8    2      2
    1     6   11448    68688     3%    5    1      1
    2    15    5082    76230     1%   14    1      1
    3     4   26358   105432     6%    2    2      2
    4    15    5250    78750     3%   12    3      3
    5    19    4062    77178     3%   15    4      4
    6     5   15690    78450     0%    5    0      0
    7     6   12180    73080     1%    5    1      1
    8     8    8958    71664     2%    7    1      1
    9     4   17838    71352     0%    4    0      0
   10     9    8394    75546     2%    7    2      2
   11     4   16146    64584     3%    3    1      1
   12     6   11958    71748     4%    4    2      2
   13     8    9918    79344     3%    5    3      3
   14    10    7314    73140     0%   10    0      0
   15     8    8598    68784     2%    6    2      2
   16     9    8868    79812     2%    6    3      3
   17     5   13668    68340     2%    4    1      1
   18    16    4926    78816     1%   15    1      1
   19     5   12324    61620     1%    4    1      1
   20     6   12198    73188     4%    4    2      2
   21     4   13590    54360     2%    3    1      1
   22     5   14436    72180     2%    4    1      1
   23    13    5778    75114     3%    9    4      4
   24     5   20946   104730     3%    4    1      1
   25     6   12402    74412     0%    6    0      0
   26     6   12498    74988     5%    4    2      2
   27     7   11346    79422     0%    7    0      0
   28     4   14250    57000     0%    4    0      0
   29     7   11268    78876     3%    6    1      1

over 30 batches:
  B range:        4 .. 19
  pad% range:     0% .. 6%   (mean 2%)
  tokens range:   54360 .. 105432   (mean 74661)
  batches with at least one pair: 24/30
